// Jest Snapshot v1, https://goo.gl/fbAQLP

exports[`Button should match snapshot 1`] = `
<button
  className="sc-beqWaB bZIEFo"
  onClick={[Function]}
>
  Hello
</button>
`;
