// Jest Snapshot v1, https://goo.gl/fbAQLP

exports[`Data should match snapshot 1`] = `
<div
  className="sc-cyRfQX edZQld"
/>
`;
